Starting CAP Project Generator...
Using @sap/cds-dk [9.9.1] from /home/user/.node_modules_global/lib/node_modules/@sap/cds-dk
Using @sap/generator-cap-project [2.0.6] from [/extbin/globals/pnpm/5/.pnpm/@sap+generator-cap-project@2.0.6_encoding@0.1.13_mem-fs@2.1.0_yeoman-environment@3.19.3_@types+node@25.7.0_/node_modules/@sap/generator-cap-project]
Using root path [/home/user/projects]

Creating project with approuter, hana, mta, nodejs, pipeline

Adding facet: nodejs
Adding facet: mta
Adding facet: hana
Adding facet: approuter
Adding facet: pipeline

Successfully initialized CAP project
Continue with: code REGISTRATION_APP 
for information on project "Piper" and its pipelines see https://www.project-piper.io/


Installing dependencies...

added 255 packages, and audited 256 packages in 3s

37 packages are looking for funding
  run `npm fund` for details

found 0 vulnerabilities

Finished installing dependencies

Done setting up project REGISTRATION_APP
Project is ready to use

